SQL> ASSIGNEMENT ON MRF( )
SP2-0734: unknown command beginning "ASSIGNEMEN..." - rest of line ignored.
SQL> WAQTD NUMBER OF EMPLOYEES GETTING SALARY LESS THAN 2000 IN DEPTNO 10
SP2-0734: unknown command beginning "WAQTD NUMB..." - rest of line ignored.
SQL> SELECT COUNT(*),
  2  FROM EMP
  3  WHERE SAL<2000 AND DEPTNO=10;
SELECT COUNT(*), SAL
                 *
ERROR at line 1:
ORA-00937: not a single-group group function 


SQL> ED
Wrote file afiedt.buf

  1  SELECT COUNT(*) 
  2  FROM EMP
  3* WHERE SAL<2000 AND DEPTNO=10
SQL> 
SQL> 
SQL> 
SQL> /

  COUNT(*)                                                                                                                                                                                                                                                                                                                                                                                                                                                                                                                                                                                                                                                                                                                                                                                                                                                                                                                                                                                                                              
----------                                                                                                                                                                                                                                                                                                                                                                                                                                                                                                                                                                                                                                                                                                                                                                                                                                                                                                                                                                                                                              
         1                                                                                                                                                                                                                                                                                                                                                                                                                                                                                                                                                                                                                                                                                                                                                                                                                                                                                                                                                                                                                              

SQL> WAQTD TOTAL SALARY NEEDED TO PAY EMPLOYEES WORKING AS CLERK
SP2-0734: unknown command beginning "WAQTD TOTA..." - rest of line ignored.
SQL> SELECT SUM(SAL)
  2  FROM EMP
  3  WHERE JOB='CLERK';

  SUM(SAL)                                                                                                                                                                                                                                                                                                                                                                                                                                                                                                                                                                                                                                                                                                                                                                                                                                                                                                                                                                                                                              
----------                                                                                                                                                                                                                                                                                                                                                                                                                                                                                                                                                                                                                                                                                                                                                                                                                                                                                                                                                                                                                              
      4150                                                                                                                                                                                                                                                                                                                                                                                                                                                                                                                                                                                                                                                                                                                                                                                                                                                                                                                                                                                                                              

SQL> WAQTD AVERAGE SALARY NEEDED TO PAY ALL EMPLOYEES
SP2-0734: unknown command beginning "WAQTD AVER..." - rest of line ignored.
SQL> SELECT AVG(SAL)
  2  FROM EMP;

  AVG(SAL)                                                                                                                                                                                                                                                                                                                                                                                                                                                                                                                                                                                                                                                                                                                                                                                                                                                                                                                                                                                                                              
----------                                                                                                                                                                                                                                                                                                                                                                                                                                                                                                                                                                                                                                                                                                                                                                                                                                                                                                                                                                                                                              
2073.21429                                                                                                                                                                                                                                                                                                                                                                                                                                                                                                                                                                                                                                                                                                                                                                                                                                                                                                                                                                                                                              

SQL> WAQTD NUMBER OF EMPLOYEES HAVING 'A' AS THEIR FIRST CHARACTER
SP2-0734: unknown command beginning "WAQTD NUMB..." - rest of line ignored.
SQL> SELECT COUNT(*)
  2  FROM EMP
  3  WHERE ENAME LIKE 'A%';

  COUNT(*)                                                                                                                                                                                                                                                                                                                                                                                                                                                                                                                                                                                                                                                                                                                                                                                                                                                                                                                                                                                                                              
----------                                                                                                                                                                                                                                                                                                                                                                                                                                                                                                                                                                                                                                                                                                                                                                                                                                                                                                                                                                                                                              
         2                                                                                                                                                                                                                                                                                                                                                                                                                                                                                                                                                                                                                                                                                                                                                                                                                                                                                                                                                                                                                              

SQL> WAQTD NUMBER OF EMPLOYEES WORKING AS CLERK OR MANAGER
SP2-0734: unknown command beginning "WAQTD NUMB..." - rest of line ignored.
SQL> SELECT COUNT(*)
  2  FROM EMP
  3  WHERE JOB IN('CLERK','MANAGER');

  COUNT(*)                                                                                                                                                                                                                                                                                                                                                                                                                                                                                                                                                                                                                                                                                                                                                                                                                                                                                                                                                                                                                              
----------                                                                                                                                                                                                                                                                                                                                                                                                                                                                                                                                                                                                                                                                                                                                                                                                                                                                                                                                                                                                                              
         7                                                                                                                                                                                                                                                                                                                                                                                                                                                                                                                                                                                                                                                                                                                                                                                                                                                                                                                                                                                                                              

SQL> WAQTD TOTAL SALARY NEEDED TO PAY EMPLOYEES HIRED IN FEB
SP2-0734: unknown command beginning "WAQTD TOTA..." - rest of line ignored.
SQL> SELECT SUM(SAL)
  2  FROM EMP
  3  WHERE HIREDATE BETWEEN '31-JAN-1981' AND '01-MAR-1981';

  SUM(SAL)                                                                                                                                                                                                                                                                                                                                                                                                                                                                                                                                                                                                                                                                                                                                                                                                                                                                                                                                                                                                                              
----------                                                                                                                                                                                                                                                                                                                                                                                                                                                                                                                                                                                                                                                                                                                                                                                                                                                                                                                                                                                                                              
      2850                                                                                                                                                                                                                                                                                                                                                                                                                                                                                                                                                                                                                                                                                                                                                                                                                                                                                                                                                                                                                              

SQL> WAQTD NUMBER OF EMPLOYEES REPORTING TO 7839 (MGR)
SP2-0734: unknown command beginning "WAQTD NUMB..." - rest of line ignored.
SQL> SELECT COUNT(*)
  2  FROM EMP
  3  WHERE MGR=7839;

  COUNT(*)                                                                                                                                                                                                                                                                                                                                                                                                                                                                                                                                                                                                                                                                                                                                                                                                                                                                                                                                                                                                                              
----------                                                                                                                                                                                                                                                                                                                                                                                                                                                                                                                                                                                                                                                                                                                                                                                                                                                                                                                                                                                                                              
         3                                                                                                                                                                                                                                                                                                                                                                                                                                                                                                                                                                                                                                                                                                                                                                                                                                                                                                                                                                                                                              

SQL> WAQTD NUMBER OF EMPLOYEES GETTING COMISSION IN DEPTNO 30
SP2-0734: unknown command beginning "WAQTD NUMB..." - rest of line ignored.
SQL> SELECT COUNT(*)
  2  FROM EMP
  3  WHERE COMM IS NOT NULL AND DEPTNO=30;

  COUNT(*)                                                                                                                                                                                                                                                                                                                                                                                                                                                                                                                                                                                                                                                                                                                                                                                                                                                                                                                                                                                                                              
----------                                                                                                                                                                                                                                                                                                                                                                                                                                                                                                                                                                                                                                                                                                                                                                                                                                                                                                                                                                                                                              
         4                                                                                                                                                                                                                                                                                                                                                                                                                                                                                                                                                                                                                                                                                                                                                                                                                                                                                                                                                                                                                              

SQL> WAQTD AVG SAL , TOTAL SAL , NUMBER OF EMPS AND MAXIMUM SALARY GIVEN TO EMPLOYEES WORKING AS PERSIDENT
SP2-0734: unknown command beginning "WAQTD AVG ..." - rest of line ignored.
SQL> SELECT COUNT(*), AVG(SAL), SUM(SAL),MAX(SAL)
  2  FROM EMP
  3  WHERE JOB='PRESIDENT';

  COUNT(*)   AVG(SAL)   SUM(SAL)   MAX(SAL)                                                                                                                                                                                                                                                                                                                                                                                                                                                                                                                                                                                                                                                                                                                                                                                                                                                                                                                                                                                             
---------- ---------- ---------- ----------                                                                                                                                                                                                                                                                                                                                                                                                                                                                                                                                                                                                                                                                                                                                                                                                                                                                                                                                                                                             
         1       5000       5000       5000                                                                                                                                                                                                                                                                                                                                                                                                                                                                                                                                                                                                                                                                                                                                                                                                                                                                                                                                                                                             

SQL> WAQTD NUMBER OF EMPLOYEES HAVING 'A' IN THEIR NAMES
SP2-0734: unknown command beginning "WAQTD NUMB..." - rest of line ignored.
SQL> SELECT COUNT(*)
  2  FROM EMP
  3  WHERE ENAME LIKE 'A%';

  COUNT(*)                                                                                                                                                                                                                                                                                                                                                                                                                                                                                                                                                                                                                                                                                                                                                                                                                                                                                                                                                                                                                              
----------                                                                                                                                                                                                                                                                                                                                                                                                                                                                                                                                                                                                                                                                                                                                                                                                                                                                                                                                                                                                                              
         2                                                                                                                                                                                                                                                                                                                                                                                                                                                                                                                                                                                                                                                                                                                                                                                                                                                                                                                                                                                                                              

SQL> WAQTD NUMBER OF EMPS AND TOTAL SALARY NEEDED TO PAY THE EMPLOYEES WHO HAVE 2 CONSICUTIVE L's IN THEIR NAMES
SP2-0734: unknown command beginning "WAQTD NUMB..." - rest of line ignored.
SQL> SELECT COUNT(*), SUM(SAL)
  2  FROM EMP
  3  WHERE ENAME LIKE '%LL%';

  COUNT(*)   SUM(SAL)                                                                                                                                                                                                                                                                                                                                                                                                                                                                                                                                                                                                                                                                                                                                                                                                                                                                                                                                                                                                                   
---------- ----------                                                                                                                                                                                                                                                                                                                                                                                                                                                                                                                                                                                                                                                                                                                                                                                                                                                                                                                                                                                                                   
         2       2900                                                                                                                                                                                                                                                                                                                                                                                                                                                                                                                                                                                                                                                                                                                                                                                                                                                                                                                                                                                                                   


                                                                                                                                                                                                                                                                                                                                                                                                                                                                                                                                                                                                                                                                                                                                                                                                                                                                                                                                                                                                                          

                                                                                                                                                                                                                                                                                                                                                                                                                                                                                                                                                                                                                                                                                                                                                                                                                                                                                                                                                                                                                          
  WAQTD NUMBER OF DEPARTMENTS PRESENT IN EMPLOYEE TABLE
SP2-0734: unknown command beginning "WAQTD NUMB..." - rest of line ignored.


SQL> SELECT COUNT(DISTINCT DEPTNO)
  2  FROM EMP;

COUNT(DISTINCTDEPTNO)
---------------------
                    3
                                                                                                                                                                                                                                                                                                                                                                                                                                                                                                                                                                                                                                                                                                                                                                                                                                                                                                                                                                                                                         

SQL> WAQTD NUMBER OF EMPLOYEES HAVING '$' IN THEIR NAMES
SP2-0734: unknown command beginning "WAQTD NUMB..." - rest of line ignored.
SQL> SELECT COUNT(*)
  2  FROM EMP
  3  WHERE ENAME LIKE '%$%';

  COUNT(*)                                                                                                                                                                                                                                                                                                                                                                                                                                                                                                                                                                                                                                                                                                                                                                                                                                                                                                                                                                                                                              
----------                                                                                                                                                                                                                                                                                                                                                                                                                                                                                                                                                                                                                                                                                                                                                                                                                                                                                                                                                                                                                              
         0                                                                                                                                                                                                                                                                                                                                                                                                                                                                                                                                                                                                                                                                                                                                                                                                                                                                                                                                                                                                                              

SQL> WAQTD TOTAL SALARY GIVEN TO EMPLOYEES WORKING AS CLERK IN DEPT 30
SP2-0734: unknown command beginning "WAQTD TOTA..." - rest of line ignored.
SQL> SELECT SUM(SAL)
  2  FROM EMP
  3  WHERE JOB='CLERK' AND DEPTNO IN 30;

  SUM(SAL)                                                                                                                                                                                                                                                                                                                                                                                                                                                                                                                                                                                                                                                                                                                                                                                                                                                                                                                                                                                                                              
----------                                                                                                                                                                                                                                                                                                                                                                                                                                                                                                                                                                                                                                                                                                                                                                                                                                                                                                                                                                                                                              
       950                                                                                                                                                                                                                                                                                                                                                                                                                                                                                                                                                                                                                                                                                                                                                                                                                                                                                                                                                                                                                              

SQL> WAQTD MAXIMUM SALARY GIVEN TO THE EMPLOYEES WORKING AS ANALYST
SP2-0734: unknown command beginning "WAQTD MAXI..." - rest of line ignored.
SQL> SELECT MAX(SAL)
  2  FROM EMP
  3  WHERE JOB='ANALYST';

  MAX(SAL)                                                                                                                                                                                                                                                                                                                                                                                                                                                                                                                                                                                                                                                                                                                                                                                                                                                                                                                                                                                                                              
----------                                                                                                                                                                                                                                                                                                                                                                                                                                                                                                                                                                                                                                                                                                                                                                                                                                                                                                                                                                                                                              
      3000                                                                                                                                                                                                                                                                                                                                                                                                                                                                                                                                                                                                                                                                                                                                                                                                                                                                                                                                                                                                                              

SQL> WAQTD NUMBER OF DISTINCT SALARIES PRESENT IN EMPLOYEE TABLE
SP2-0734: unknown command beginning "WAQTD NUMB..." - rest of line ignored.

SQL> SELECT COUNT(DISTINCT SAL)
  2  FROM EMP
  3  ;

COUNT(DISTINCTSAL)
------------------
                12


                                                                                                                                                                                                                                                                                                                                                                                                                                                                                                                                                                                                                                                                                                                                                                                                                                                                                                                                                                                                                       

SQL> WAQTD NUMBER OF JOBS PRESENT IN EMPLOYEE TABLE
SP2-0734: unknown command beginning "WAQTD NUMB..." - rest of line ignored.
SQL> SELECT COUNT(DISTINCT JOB)
  2  FROM EMP;

COUNT(DISTINCTJOB)
------------------
                 5


SQL> WATQD AVG SALARY GIVEN TO THE CLERK
SP2-0734: unknown command beginning "WATQD AVG ..." - rest of line ignored.
SQL> SELECT AVG(SAL)
  2  FROM EMP
  3  WHERE JOB='CLERK';

  AVG(SAL)                                                                                                                                                                                                                                                                                                                                                                                                                                                                                                                                                                                                                                                                                                                                                                                                                                                                                                                                                                                                                              
----------                                                                                                                                                                                                                                                                                                                                                                                                                                                                                                                                                                                                                                                                                                                                                                                                                                                                                                                                                                                                                              
    1037.5                                                                                                                                                                                                                                                                                                                                                                                                                                                                                                                                                                                                                                                                                                                                                                                                                                                                                                                                                                                                                              

SQL> WAQTD MINIMUM SALARY GIVEN TO THE EMPLOYEES WHO WORK IN DEPT 10 AS MANAGER OR A C
SP2-0734: unknown command beginning "WAQTD MINI..." - rest of line ignored.
SQL> SELECT MIN(SAL)
  2  FROM EMP
  3  WHERE JOB IN('MANAGER', CLERK') AND DEPTNO=10;
ERROR:
ORA-01756: quoted string not properly terminated 


SQL> SELECT MIN(SAL)
  2  FROM EMP
  3  WHERE JOB IN ('MANAGER','CLERK') AND DEPTNO=10;

  MIN(SAL)                                                                                                                                                                                                                                                                                                                                                                                                                                                                                                                                                                                                                                                                                                                                                                                                                                                                                                                                                                                                                              
----------                                                                                                                                                                                                                                                                                                                                                                                                                                                                                                                                                                                                                                                                                                                                                                                                                                                                                                                                                                                                                              
      1300                                                                                                                                                                                                                                                                                                                                                                                                                                                                                                                                                                                                                                                                                                                                                                                                                                                                                                                                                                                                                              

SQL> SPOOL OFF
